src/components/rider/MobileStatusBar.tsx(1,18): error TS2307: Cannot find module './Icon' or its corresponding type declarations.
src/components/rider/RiderStatCard.tsx(1,18): error TS2307: Cannot find module './Icon' or its corresponding type declarations.
src/components/ui/input-otp.tsx(2,43): error TS2307: Cannot find module 'input-otp' or its corresponding type declarations.
src/components/ui/input-otp.tsx(49,61): error TS2339: Property 'slots' does not exist on type 'unknown'.
src/components/user/CustomersAlsoViewed.tsx(4,29): error TS2307: Cannot find module '@/hooks/useProducts' or its corresponding type declarations.
src/components/user/CustomersAlsoViewed.tsx(6,22): error TS2307: Cannot find module './ui/card' or its corresponding type declarations.
src/components/user/product/ProductReviews.tsx(4,10): error TS2305: Module '"@/components/ui/input"' has no exported member 'UserInput'.
src/components/user/RecentlyViewed.tsx(4,22): error TS2307: Cannot find module './ui/card' or its corresponding type declarations.
src/components/user/VendorProgressBar.tsx(1,18): error TS2307: Cannot find module './Icon' or its corresponding type declarations.
src/hooks/vendor/use-toast.tsx(2,10): error TS2614: Module '"@/contexts/ToastContext"' has no exported member 'ToastContext'. Did you mean to use 'import ToastContext from "@/contexts/ToastContext"' instead?
src/pages/rider/RiderDeliveryDetails.tsx(20,10): error TS2305: Module '"@/components/ui/button"' has no exported member 'RiderButton'.
src/pages/rider/RiderDeliveryDetails.tsx(21,26): error TS2307: Cannot find module '@/hooks/useRiderQueries' or its corresponding type declarations.
src/pages/rider/RiderDeliveryDetails.tsx(22,33): error TS2307: Cannot find module '@/hooks/useLiveTracking' or its corresponding type declarations.
src/pages/rider/RiderDeliveryDetails.tsx(23,30): error TS2307: Cannot find module '@/components/DeliveryChat' or its corresponding type declarations.
src/pages/rider/RiderKYCInfo.tsx(4,28): error TS2307: Cannot find module '@/hooks/useRiderMutations' or its corresponding type declarations.
src/pages/rider/RiderKYCInfo.tsx(5,30): error TS2307: Cannot find module '@/hooks/useRiderQueries' or its corresponding type declarations.
src/pages/rider/RiderKYCInfo.tsx(6,37): error TS2307: Cannot find module '@/hooks/useKYCFormCache' or its corresponding type declarations.
src/pages/rider/RiderKYCInfo.tsx(8,10): error TS2305: Module '"@/components/ui/button"' has no exported member 'RiderButton'.
src/pages/rider/RiderKYCInfo.tsx(13,37): error TS2307: Cannot find module '@/components/OnboardingStepIndicator' or its corresponding type declarations.
src/pages/rider/RiderKYCReview.tsx(4,30): error TS2307: Cannot find module '@/hooks/useRiderMutations' or its corresponding type declarations.
src/pages/rider/RiderKYCReview.tsx(9,8): error TS2307: Cannot find module '@/hooks/useKYCFormCache' or its corresponding type declarations.
src/pages/rider/RiderKYCReview.tsx(11,10): error TS2305: Module '"@/components/ui/button"' has no exported member 'RiderButton'.
src/pages/rider/RiderKYCSubmit.tsx(4,33): error TS2307: Cannot find module '@/hooks/useRiderMutations' or its corresponding type declarations.
src/pages/rider/RiderKYCSubmit.tsx(5,30): error TS2307: Cannot find module '@/hooks/useRiderQueries' or its corresponding type declarations.
src/pages/rider/RiderKYCSubmit.tsx(6,39): error TS2307: Cannot find module '@/hooks/useKYCFormCache' or its corresponding type declarations.
src/pages/rider/RiderKYCSubmit.tsx(7,10): error TS2305: Module '"@/components/ui/button"' has no exported member 'RiderButton'.
src/pages/rider/RiderKYCSubmit.tsx(12,37): error TS2307: Cannot find module '@/components/OnboardingStepIndicator' or its corresponding type declarations.
src/pages/rider/RiderKYCVerification.tsx(3,30): error TS2307: Cannot find module '@/hooks/useRiderQueries' or its corresponding type declarations.
src/pages/rider/RiderKYCVerification.tsx(4,10): error TS2305: Module '"@/components/ui/button"' has no exported member 'RiderButton'.
src/pages/rider/RiderNewDelivery.tsx(14,10): error TS2305: Module '"@/components/ui/button"' has no exported member 'RiderButton'.
src/pages/rider/RiderNewDelivery.tsx(15,26): error TS2307: Cannot find module '@/hooks/useRiderQueries' or its corresponding type declarations.
src/pages/rider/RiderNewDelivery.tsx(16,55): error TS2307: Cannot find module '@/hooks/useRiderMutations' or its corresponding type declarations.
src/pages/rider/RiderOrders.tsx(2,27): error TS2307: Cannot find module '@/hooks/useRiderQueries' or its corresponding type declarations.
src/pages/rider/RiderProfileOld.tsx(15,10): error TS2305: Module '"@/components/ui/button"' has no exported member 'RiderButton'.
src/pages/rider/RiderProfileSetup.tsx(6,42): error TS2307: Cannot find module '@/hooks/useKYCFormCache' or its corresponding type declarations.
src/pages/rider/RiderProfileSetup.tsx(7,10): error TS2305: Module '"@/components/ui/button"' has no exported member 'RiderButton'.
src/pages/rider/RiderProfileSetup.tsx(9,37): error TS2307: Cannot find module '@/components/OnboardingStepIndicator' or its corresponding type declarations.
src/pages/rider/RiderProfileSetup.tsx(80,9): error TS2353: Object literal may only specify known properties, and 'phone' does not exist in type 'ProfileSetupRequest'.
src/pages/rider/RiderShortageReport.tsx(14,10): error TS2305: Module '"@/components/ui/button"' has no exported member 'RiderButton'.
src/pages/rider/RiderShortageReport.tsx(15,26): error TS2307: Cannot find module '@/hooks/useRiderQueries' or its corresponding type declarations.
src/pages/rider/RiderShortageReport.tsx(16,41): error TS2307: Cannot find module '@/hooks/useRiderMutations' or its corresponding type declarations.
src/pages/user/ChangePassword.tsx(4,10): error TS2305: Module '"@/components/ui/input"' has no exported member 'UserInput'.
src/pages/user/EditProfile.tsx(4,10): error TS2305: Module '"@/components/ui/input"' has no exported member 'UserInput'.
src/pages/user/HelpSupport.tsx(4,10): error TS2305: Module '"@/components/ui/input"' has no exported member 'UserInput'.
src/pages/user/OrderConfirmation.tsx(12,26): error TS2307: Cannot find module '@/hooks/useOrders' or its corresponding type declarations.
src/pages/user/OrderTracking.tsx(14,46): error TS2307: Cannot find module '@/hooks/useOrders' or its corresponding type declarations.
src/pages/user/OrderTracking.tsx(15,34): error TS2307: Cannot find module '@/hooks/useRiderTracking' or its corresponding type declarations.
src/pages/user/ProductDetails.tsx(50,15): error TS2345: Argument of type '{ id: any; vendorId: any; name: any; price: any; imageUrl: any; category: any; }' is not assignable to parameter of type 'Product'.
  Type '{ id: any; vendorId: any; name: any; price: any; imageUrl: any; category: any; }' is missing the following properties from type 'Product': sku, description, stockQuantity
src/pages/user/VendorProfile.tsx(3,53): error TS2307: Cannot find module '@/hooks/useVendorProducts' or its corresponding type declarations.
src/pages/user/VendorProfile.tsx(4,25): error TS2307: Cannot find module '@/components/product/PurchaseCard' or its corresponding type declarations.
src/pages/vendor/VendorKYCInfo.tsx(63,21): error TS2339: Property 'dob' does not exist on type 'AppUser'.
src/pages/vendor/VendorKYCReview.tsx(71,16): error TS2339: Property 'dob' does not exist on type 'AppUser'.
src/pages/vendor/VendorProfileSetUp.tsx(39,21): error TS2339: Property 'dob' does not exist on type 'AppUser'.
src/services/VendorServices.ts(6,3): error TS2305: Module '"@/types/api"' has no exported member 'DashboardStatsResponse'.
src/services/VendorServices.ts(7,3): error TS2305: Module '"@/types/api"' has no exported member 'Order'.
